             VMA              LMA     Size Align Out     In      Symbol
               0                0   100000     1 . = 0x100000
          100000           100000     b603    16 .text
          100000           100000      1eb    16         build/@mkernel.nim.c.o:(.text)
          100000           100000       ae     1                 KernelMain
          1000b0           1000b0       87     1                 nimFrame
          100140           100140       20     1                 nimErrorFlag
          100160           100160       10     1                 NimMain
          100170           100170       11     1                 halt__kernel_u4
          100170           100170        0     1                 .loop
          100190           100190       19     1                 popFrame
          1001b0           1001b0        b     1                 PreMainInner
          1001c0           1001c0       10     1                 PreMain
          1001d0           1001d0        b     1                 NimMainInner
          1001e0           1001e0        b     1                 NimMainModule
          1001f0           1001f0      ca6    16         build/@mlibc.nim.c.o:(.text)
          1001f0           1001f0      798     1                 _fwrite
          100990           100990       87     1                 nimFrame
          100a20           100a20       20     1                 nimErrorFlag
          100a40           100a40       19     1                 popFrame
          100a60           100a60       73     1                 fflush
          100ae0           100ae0        0     1                 .loop
          100ae0           100ae0        7     1                 exit
          100af0           100af0      1ae     1                 memchr
          100ca0           100ca0      1ac     1                 memcpy
          100e50           100e50       46     1                 __chkstk
          100ea0           100ea0      4b2    16         build/@mmalloc.nim.c.o:(.text)
          100ea0           100ea0       c6     1                 malloc
          100f70           100f70       87     1                 nimFrame
          101000           101000       19     1                 popFrame
          101020           101020       94     1                 calloc
          1010c0           1010c0       20     1                 nimErrorFlag
          1010e0           1010e0       4a     1                 free
          101130           101130       e9     1                 realloc
          101220           101220       2b     1                 copyMem__system_u1734
          101250           101250       6e     1                 atmmallocdotnim_Init000
          1012c0           1012c0       92     1                 nimCopyMem
          101360           101360      119    16         build/@mports.nim.c.o:(.text)
          101360           101360       63     1                 portOut8__ports_u1
          1013d0           1013d0       87     1                 nimFrame
          101460           101460       19     1                 popFrame
          101480           101480      3b7    16         build/@muefi.nim.c.o:(.text)
          101480           101480      197     1                 consoleOut__uefi_u267
          101620           101620       87     1                 nimFrame
          1016b0           1016b0       20     1                 nimErrorFlag
          1016d0           1016d0       45     1                 nimZeroMem
          101720           101720       6a     1                 toWideCString__stdZwidestrs_u48
          101790           101790       19     1                 popFrame
          1017b0           1017b0       87     1                 nimSetMem__systemZmemory_u33
          101840           101840      421    16         build/@mdebug.nim.c.o:(.text)
          101840           101840      295     1                 debug__debug_u3
          101ae0           101ae0       87     1                 nimFrame
          101b70           101b70       20     1                 nimErrorFlag
          101b90           101b90       19     1                 popFrame
          101bb0           101bb0       b1     1                 debugln__debug_u10
          101c70           101c70     7197    16         build/@m..@s..@s..@s..@s..@s.choosenim@stoolchains@snim-2.0.0@slib@ssystem.nim.c.o:(.text)
          101c70           101c70      184     1                 unregisterCycle__system_u2930
          101e00           101e00       87     1                 nimFrame
          101e90           101e90       1b     1                 raiseOverflow
          101eb0           101eb0       19     1                 popFrame
          101ed0           101ed0       2b     1                 allocImpl__system_u1750
          101f00           101f00      105     1                 init__system_u3166
          102010           102010      264     1                 raiseRangeErrorI
          102280           102280       33     1                 reallocImpl__system_u1756
          1022c0           1022c0      13f     1                 resize__system_u3084
          102400           102400      105     1                 init__system_u3234
          102510           102510       ed     1                 pop__system_u2966
          102600           102600       45     1                 nimZeroMem
          102650           102650      40a     1                 markGray__system_u2987
          102a60           102a60       20     1                 nimErrorFlag
          102a80           102a80       fb     1                 trace__system_u2749
          102b80           102b80       76     1                 minuspercent___system_u810
          102c00           102c00      22e     1                 scanBlack__system_u2958
          102e30           102e30      2ad     1                 scan__system_u3043
          1030e0           1030e0      2d3     1                 collectColor__system_u3068
          1033c0           1033c0      113     1                 add__system_u3076
          1034e0           1034e0       1b     1                 deallocImpl__system_u1754
          103500           103500       1b     1                 dealloc
          103520           103520       7d     1                 alignedDealloc
          1035a0           1035a0       c2     1                 nimRawDispose
          103670           103670      117     1                 align__system_u1636
          103790           103790       b6     1                 deinit__system_u3200
          103850           103850      5ca     1                 collectCyclesBacon__system_u3138
          103e20           103e20      106     1                 free__system_u2799
          103f30           103f30       b6     1                 deinit__system_u3246
          103ff0           103ff0      2b3     1                 collectCycles__system_u3282
          1042b0           1042b0      158     1                 registerCycle__system_u3307
          104410           104410      154     1                 rememberCycle__system_u3347
          104570           104570       cd     1                 nimDestroyAndDispose
          104640           104640       4a     1                 eqdestroy___stdZassertions_u91
          104690           104690      13f     1                 resize__system_u2824
          1047d0           1047d0       21     1                 eqwasMoved___stdZassertions_u27
          104800           104800       53     1                 eqsink___stdZassertions_u100
          104860           104860       19     1                 shrink__stdZassertions_u119
          104880           104880       30     1                 alloc0Impl__system_u1752
          1048b0           1048b0      1ca     1                 alignedAlloc0__system_u1936
          104a80           104a80       76     1                 pluspercent___system_u790
          104b00           104b00      15a     1                 newSeqPayload
          104c60           104c60       5f     1                 realloc0Impl__system_u1759
          104cc0           104cc0       23     1                 zeroMem__system_u1731
          104cf0           104cf0      1ca     1                 alignedAlloc__system_u1890
          104ec0           104ec0      10f     1                 alignedRealloc0__system_u1956
          104fd0           104fd0       2b     1                 copyMem__system_u1734
          105000           105000      51c     1                 prepareSeqAdd
          105520           105520       c2     1                 resize__system_u2171
          1055f0           1055f0      1cb     1                 setLen__stdZassertions_u111
          1057c0           1057c0       30     1                 newSeq__system_u4033
          1057f0           1057f0       6b     1                 newSeq__system_u4045
          105860           105860      1bc     1                 auxWriteStackTrace__system_u4015
          105a20           105a20       23     1                 rawWriteStackTrace__system_u4220
          105a50           105a50      145     1                 add__system_u4308
          105ba0           105ba0       7e     1                 eqcopy___system_u3943
          105c20           105c20       dc     1                 nimIncRefCyclic
          105d00           105d00      170     1                 nimDecRefIsLastCyclicDyn
          105e70           105e70       56     1                 eqsink___system_u3951
          105ed0           105ed0       c3     1                 raiseExceptionAux__system_u4280
          105fa0           105fa0       3f     1                 pushCurrentException
          105fe0           105fe0      152     1                 raiseExceptionEx
          106140           106140      497     1                 prepareAdd
          1065e0           1065e0       1b     1                 raiseRangeErrorNoArgs
          106600           106600      17f     1                 sysFatal__system_u4739
          106780           106780      12c     1                 rawNewString
          1068b0           1068b0      30a     1                 raiseIndexError2
          106bc0           106bc0       e8     1                 appendString
          106cb0           106cb0      17f     1                 sysFatal__system_u4566
          106e30           106e30      108     1                 setLengthStrV2
          106f40           106f40       78     1                 add__system_u3495
          106fc0           106fc0       a8     1                 nimAddCharV1
          107070           107070      53b     1                 auxWriteStackTrace__system_u4101
          1075b0           1075b0       63     1                 addInt__stdZprivateZdigitsutils_u204
          107620           107620       8a     1                 rawWriteStackTrace__system_u4214
          1076b0           1076b0       2b     1                 writeToStdErr__system_u3832
          1076e0           1076e0       4f     1                 rawWriteString
          107730           107730      108     1                 showErrorMessage__system_u3837
          107840           107840       f3     1                 cstrToNimstr
          107940           107940       23     1                 popCurrentException
          107970           107970       7b     1                 writeStackTrace__system_u2526
          1079f0           1079f0       2f     1                 showErrorMessage2__system_u3845
          107a20           107a20      112     1                 callDepthLimitReached__system_u4471
          107b40           107b40      1a4     1                 nimNewObj
          107cf0           107cf0      17f     1                 sysFatal__system_u4961
          107e70           107e70      1a1     1                 toNimStr
          108020           108020       7e     1                 nimCStrLen
          1080a0           1080a0       68     1                 eqsink___stdZassertions_u36
          108110           108110      13c     1                 mnewString
          108250           108250      15a     1                 nimPrepareStrMutationImpl__system_u2360
          1083b0           1083b0      3e0     1                 substr__system_u6987
          108790           108790       7a     1                 nimPrepareStrMutationV2
          108810           108810      357     1                 nimAsgnStrV2
          108b70           108b70       3f     1                 eqdup___stdZassertions_u33
          108bb0           108bb0       34     1                 reportUnhandledError__system_u4242
          108bf0           108bf0       79     1                 nimTestErrorFlag
          108c70           108c70        b     1                 atmdotdotatsdotdotatsdotdotatsdotdotatsdotdotatsdotchoosenimatstoolchainsatsnimminus2dot0dot0atslibatssystemdotnim_Init000
          108c80           108c80        6     1                 initStackBottom
          108c90           108c90       92     1                 nimCopyMem
          108d30           108d30       49     1                 nimToCStringConv
          108d80           108d80       87     1                 nimSetMem__systemZmemory_u33
          108e10           108e10      1fb    16         build/@m..@s..@s..@s..@s..@s.choosenim@stoolchains@snim-2.0.0@slib@ssystem@sdollars.nim.c.o:(.text)
          108e10           108e10       6b     1                 dollar___systemZdollars_u8
          108e80           108e80       87     1                 nimFrame
          108f10           108f10       63     1                 addInt__stdZprivateZdigitsutils_u204
          108f80           108f80       19     1                 popFrame
          108fa0           108fa0       6b     1                 dollar___systemZdollars_u11
          109010           109010      a72    16         build/@m..@s..@s..@s..@s..@s.choosenim@stoolchains@snim-2.0.0@slib@sstd@sprivate@sdigitsutils.nim.c.o:(.text)
          109010           109010       83     1                 addInt__stdZprivateZdigitsutils_u184
          1090a0           1090a0       87     1                 nimFrame
          109130           109130       20     1                 nimErrorFlag
          109150           109150      4df     1                 addIntImpl__stdZprivateZdigitsutils_u61
          109630           109630       19     1                 popFrame
          109650           109650      114     1                 addInt__stdZprivateZdigitsutils_u187
          109770           109770       a8     1                 nimAddCharV1
          109820           109820      19d     1                 addChars__stdZprivateZdigitsutils_u104
          1099c0           1099c0       2b     1                 copyMem__system_u1734
          1099f0           1099f0       92     1                 nimCopyMem
          109a90           109a90      9c3    16         build/@m..@s..@s..@s..@s..@s.choosenim@stoolchains@snim-2.0.0@slib@ssystem@sexceptions.nim.c.o:(.text)
          109a90           109a90       3b     1                 rttiDestroy__systemZexceptions_u56
          109ad0           109ad0       38     1                 eqtrace___system_u4516
          109b10           109b10       3b     1                 rttiDestroy__systemZexceptions_u60
          109b50           109b50       38     1                 eqtrace___system_u4585
          109b90           109b90       3b     1                 rttiDestroy__systemZexceptions_u62
          109bd0           109bd0       38     1                 eqtrace___system_u4980
          109c10           109c10       3b     1                 rttiDestroy__systemZexceptions_u64
          109c50           109c50       38     1                 eqtrace___stdZassertions_u64
          109c90           109c90       c2     1                 eqdestroy___system_u4504
          109d60           109d60      170     1                 nimDecRefIsLastCyclicDyn
          109ed0           109ed0       20     1                 nimErrorFlag
          109ef0           109ef0       a8     1                 nimTraceRefDyn
          109fa0           109fa0       c2     1                 eqdestroy___system_u4573
          10a070           10a070       c2     1                 eqdestroy___system_u4968
          10a140           10a140       c2     1                 eqdestroy___stdZassertions_u52
          10a210           10a210       87     1                 nimFrame
          10a2a0           10a2a0       76     1                 minuspercent___system_u810
          10a320           10a320       19     1                 popFrame
          10a340           10a340      113     1                 add__system_u2816
          10a460           10a460      df7    16         build/@m..@s..@s..@s..@s..@s.choosenim@stoolchains@snim-2.0.0@slib@sstd@swidestrs.nim.c.o:(.text)
          10a460           10a460       c5     1                 createWide__stdZwidestrs_u37
          10a530           10a530       87     1                 nimFrame
          10a5c0           10a5c0       19     1                 popFrame
          10a5e0           10a5e0      9ee     1                 newWideCString__stdZwidestrs_u280
          10afd0           10afd0       20     1                 nimErrorFlag
          10aff0           10aff0       45     1                 nimZeroMem
          10b040           10b040       bd     1                 newWideCString__stdZwidestrs_u315
          10b100           10b100       49     1                 nimToCStringConv
          10b150           10b150       77     1                 eqdestroy___stdZwidestrs_u6
          10b1d0           10b1d0       87     1                 nimSetMem__systemZmemory_u33
          10b260           10b260      3a3    16         build/@m..@s..@s..@s..@s..@s.choosenim@stoolchains@snim-2.0.0@slib@sstd@sassertions.nim.c.o:(.text)
          10b260           10b260       c8     1                 raiseAssert__stdZassertions_u43
          10b330           10b330       87     1                 nimFrame
          10b3c0           10b3c0       20     1                 nimErrorFlag
          10b3e0           10b3e0      17f     1                 sysFatal__stdZassertions_u45
          10b560           10b560       19     1                 popFrame
          10b580           10b580       83     1                 failedAssertImpl__stdZassertions_u310
          10b610           10b610   2013c8    16 .data
          10b610           10b610      7ed     1         <internal>:(.rodata.str1.1)
          10be00           10be00       30    16         build/@mkernel.nim.c.o:(.rodata)
          10be00           10be00       10     1                 TM__QQ9b4fxGCgib4tOShDgifwQ_2
          10be10           10be10       20     1                 TM__QQ9b4fxGCgib4tOShDgifwQ_3
          10be30           10be30       20     8         build/@mlibc.nim.c.o:(.rodata)
          10be30           10be30       10     1                 TM__yBWtCXgKzcQMoAZ89cNTLsQ_9
          10be40           10be40       10     1                 TM__yBWtCXgKzcQMoAZ89cNTLsQ_8
          10be50           10be50       78     8         build/@muefi.nim.c.o:(.rodata)
          10be50           10be50       10     1                 TM__pmebpDrnfB5mBIQZTCopKw_4
          10be60           10be60       68     1                 TM__pmebpDrnfB5mBIQZTCopKw_3
          10bed0           10bed0       d8    16         build/@mdebug.nim.c.o:(.rodata)
          10bed0           10bed0       10     1                 TM__Wol8KxzHvkSNKSzMYiKN2g_4
          10bee0           10bee0       10     1                 TM__Wol8KxzHvkSNKSzMYiKN2g_6
          10bef0           10bef0       a8     1                 TM__Wol8KxzHvkSNKSzMYiKN2g_3
          10bf98           10bf98       10     1                 TM__Wol8KxzHvkSNKSzMYiKN2g_7
          10bfa8           10bfa8      378     8         build/@m..@s..@s..@s..@s..@s.choosenim@stoolchains@snim-2.0.0@slib@ssystem.nim.c.o:(.rodata)
          10bfa8           10bfa8       10     1                 TM__Q5wkpxktOdTGvlSRo9bzt9aw_87
          10bfb8           10bfb8       10     1                 TM__Q5wkpxktOdTGvlSRo9bzt9aw_89
          10bfc8           10bfc8       10     1                 TM__Q5wkpxktOdTGvlSRo9bzt9aw_91
          10bfd8           10bfd8       10     1                 TM__Q5wkpxktOdTGvlSRo9bzt9aw_93
          10bfe8           10bfe8       10     1                 TM__Q5wkpxktOdTGvlSRo9bzt9aw_78
          10bff8           10bff8       10     1                 TM__Q5wkpxktOdTGvlSRo9bzt9aw_98
          10c008           10c008       10     1                 TM__Q5wkpxktOdTGvlSRo9bzt9aw_100
          10c018           10c018       10     1                 TM__Q5wkpxktOdTGvlSRo9bzt9aw_105
          10c028           10c028       10     1                 TM__Q5wkpxktOdTGvlSRo9bzt9aw_107
          10c038           10c038       10     1                 TM__Q5wkpxktOdTGvlSRo9bzt9aw_110
          10c048           10c048       10     1                 TM__Q5wkpxktOdTGvlSRo9bzt9aw_114
          10c058           10c058       10     1                 TM__Q5wkpxktOdTGvlSRo9bzt9aw_116
          10c068           10c068       10     1                 TM__Q5wkpxktOdTGvlSRo9bzt9aw_9
          10c078           10c078       10     1                 TM__Q5wkpxktOdTGvlSRo9bzt9aw_103
          10c088           10c088       10     1                 TM__Q5wkpxktOdTGvlSRo9bzt9aw_7
          10c098           10c098       10     1                 TM__Q5wkpxktOdTGvlSRo9bzt9aw_118
          10c0a8           10c0a8       10     1                 TM__Q5wkpxktOdTGvlSRo9bzt9aw_120
          10c0b8           10c0b8       10     1                 TM__Q5wkpxktOdTGvlSRo9bzt9aw_123
          10c0c8           10c0c8       20     1                 TM__Q5wkpxktOdTGvlSRo9bzt9aw_86
          10c0e8           10c0e8       38     1                 TM__Q5wkpxktOdTGvlSRo9bzt9aw_88
          10c120           10c120       10     1                 TM__Q5wkpxktOdTGvlSRo9bzt9aw_90
          10c130           10c130       18     1                 TM__Q5wkpxktOdTGvlSRo9bzt9aw_92
          10c148           10c148       20     1                 TM__Q5wkpxktOdTGvlSRo9bzt9aw_77
          10c168           10c168       10     1                 TM__Q5wkpxktOdTGvlSRo9bzt9aw_97
          10c178           10c178       10     1                 TM__Q5wkpxktOdTGvlSRo9bzt9aw_99
          10c188           10c188       10     1                 TM__Q5wkpxktOdTGvlSRo9bzt9aw_104
          10c198           10c198       20     1                 TM__Q5wkpxktOdTGvlSRo9bzt9aw_106
          10c1b8           10c1b8       10     1                 TM__Q5wkpxktOdTGvlSRo9bzt9aw_113
          10c1c8           10c1c8       10     1                 TM__Q5wkpxktOdTGvlSRo9bzt9aw_115
          10c1d8           10c1d8       28     1                 TM__Q5wkpxktOdTGvlSRo9bzt9aw_8
          10c200           10c200       30     1                 TM__Q5wkpxktOdTGvlSRo9bzt9aw_102
          10c230           10c230       10     1                 TM__Q5wkpxktOdTGvlSRo9bzt9aw_6
          10c240           10c240       40     1                 TM__Q5wkpxktOdTGvlSRo9bzt9aw_117
          10c280           10c280       80     1                 TM__Q5wkpxktOdTGvlSRo9bzt9aw_119
          10c300           10c300       20     1                 TM__Q5wkpxktOdTGvlSRo9bzt9aw_122
          10c320           10c320       c8    16         build/@m..@s..@s..@s..@s..@s.choosenim@stoolchains@snim-2.0.0@slib@sstd@sprivate@sdigitsutils.nim.c.o:(.rodata)
          10c320           10c320       c8     1                 digits100__stdZprivateZdigitsutils_u2
          10c3f0           10c3f0       50    16         build/@m..@s..@s..@s..@s..@s.choosenim@stoolchains@snim-2.0.0@slib@ssystem@sexceptions.nim.c.o:(.rodata)
          10c3f0           10c3f0       10     1                 TM__TzI3paKQY09cLjc9cmCvur3A_3
          10c400           10c400       10     1                 TM__TzI3paKQY09cLjc9cmCvur3A_5
          10c410           10c410       14     1                 TM__TzI3paKQY09cLjc9cmCvur3A_6
          10c430           10c430       10     1                 TM__TzI3paKQY09cLjc9cmCvur3A_7
          10c440           10c440       e0     8         build/@m..@s..@s..@s..@s..@s.choosenim@stoolchains@snim-2.0.0@slib@ssystem@sexceptions.nim.c.o:(.data)
          10c440           10c440       38     1                 NTIv2__KZk2hR9c7XDat5d89bT8RgRA_
          10c478           10c478       38     1                 NTIv2__sUSFsM69cxbQEmaJuFxUD8w_
          10c4b0           10c4b0       38     1                 NTIv2__nv8HG9cQ7K8ZPnb0AFnX9cYQ_
          10c4e8           10c4e8       38     1                 NTIv2__CrB9bTWm1Xdf09bhlG9cbbyPA_
          10c520           10c520       10     8         build/@mlibc.nim.c.o:(.bss)
          10c520           10c520        8     1                 __stdoutp
          10c528           10c528        8     1                 __stderrp
          10c530           10c530   200010    16         build/@mmalloc.nim.c.o:(.bss)
          10c530           10c530        8     1                 heapBumpPtr__malloc_u2
          10c540           10c540   200000     1                 heap__malloc_u1
          30c540           30c540        8     8         build/@muefi.nim.c.o:(.bss)
          30c540           30c540        8     1                 sysTable__uefi_u239
          30c550           30c550      488    16         build/@m..@s..@s..@s..@s..@s.choosenim@stoolchains@snim-2.0.0@slib@ssystem.nim.c.o:(.bss)
          30c550           30c550       18     1                 roots__system_u2929
          30c568           30c568        8     1                 rootsThreshold__system_u3227
          30c570           30c570        8     1                 framePtr__system_u3865
          30c578           30c578        8     1                 localRaiseHook__system_u3481
          30c580           30c580        8     1                 globalRaiseHook__system_u3478
          30c588           30c588        1     1                 nimInErrorMode__system_u4253
          30c590           30c590      400     1                 tempFrames__system_u4012
          30c990           30c990        8     1                 errorMessageWriter__system_u3829
          30c998           30c998        8     1                 unhandledExceptionHook__system_u3486
          30c9a0           30c9a0        8     1                 currException__system_u3867
          30c9a8           30c9a8        8     1                 nim_program_result
          30c9b0           30c9b0        8     1                 threadId__system_u2793
          30c9b8           30c9b8        8     1                 outOfMemHook__system_u3483
          30c9c0           30c9c0        8     1                 excHandler__system_u3866
          30c9c8           30c9c8        8     1                 gcFramePtr__system_u3868
          30c9d0           30c9d0        8     1                 onUnhandledException__system_u4230
               0                0       17     1 .shstrtab
               0                0       17     1         <internal>:(.shstrtab)
